
> lokus@1.3.5 test
> vitest run src/components/EditorContextMenu.test.jsx


 RUN  v3.2.4 /Users/pratham/Programming/Lokud Dir/Lokus-Main

 ❯ src/components/EditorContextMenu.test.jsx (13 tests | 1 failed) 560ms
   ✓ EditorContextMenu > should render context menu trigger 107ms
   ✓ EditorContextMenu > should show basic edit options 69ms
   ✓ EditorContextMenu > should show undo/redo options 50ms
   ✓ EditorContextMenu > should disable cut and copy when no selection 34ms
   ✓ EditorContextMenu > should disable undo when canUndo is false 33ms
   ✓ EditorContextMenu > should show search options 30ms
   ✓ EditorContextMenu > should show export options 24ms
   ✓ EditorContextMenu > should call onAction when menu item is clicked 32ms
   ✓ EditorContextMenu > should call onAction with correct parameters for different actions 39ms
   ✓ EditorContextMenu > should handle missing onAction prop gracefully 51ms
   ✓ EditorContextMenu > should display keyboard shortcuts 24ms
   ✓ EditorContextMenu > should work with default props 19ms
   × EditorContextMenu > should handle commands submenu actions 43ms
     → Unable to find an element with the text: Commands. This could be because the text is broken up by multiple elements. In this case, you can provide a function for your text matcher to make your matcher more flexible.

Ignored nodes: comments, script, style
[36m<body>[39m
  [36m<div>[39m
    [36m<div[39m
      [33mdata-testid[39m=[32m"context-menu"[39m
    [36m>[39m
      [36m<div[39m
        [33mdata-testid[39m=[32m"context-menu-trigger"[39m
      [36m>[39m
        [0mEditor Content[0m
      [36m</div>[39m
      [36m<div[39m
        [33mclass[39m=[32m"w-72"[39m
        [33mdata-testid[39m=[32m"context-menu-content"[39m
      [36m>[39m
        [36m<div[39m
          [33mdata-disabled[39m=[32m"true"[39m
          [33mdata-testid[39m=[32m"context-menu-item"[39m
        [36m>[39m
          [36m<div[39m
            [33mdata-testid[39m=[32m"scissors-icon"[39m
          [36m/>[39m
          [0mCut[0m
          [36m<span[39m
            [33mdata-testid[39m=[32m"context-menu-shortcut"[39m
          [36m>[39m
            [0m⌘X[0m
          [36m</span>[39m
        [36m</div>[39m
        [36m<div[39m
          [33mdata-disabled[39m=[32m"true"[39m
          [33mdata-testid[39m=[32m"context-menu-item"[39m
        [36m>[39m
          [36m<div[39m
            [33mdata-testid[39m=[32m"copy-icon"[39m
          [36m/>[39m
          [0mCopy[0m
          [36m<span[39m
            [33mdata-testid[39m=[32m"context-menu-shortcut"[39m
          [36m>[39m
            [0m⌘C[0m
          [36m</span>[39m
        [36m</div>[39m
        [36m<div[39m
          [33mdata-testid[39m=[32m"context-menu-item"[39m
        [36m>[39m
          [36m<div[39m
            [33mdata-testid[39m=[32m"clipboard-icon"[39m
          [36m/>[39m
          [0mPaste[0m
          [36m<span[39m
            [33mdata-testid[39m=[32m"context-menu-shortcut"[39m
          [36m>[39m
            [0m⌘V[0m
          [36m</span>[39m
        [36m</div>[39m
        [36m<div[39m
          [33mdata-testid[39m=[32m"context-menu-separator"[39m
        [36m/>[39m
        [36m<div[39m
          [33mdata-testid[39m=[32m"context-menu-sub"[39m
        [36m>[39m
          [36m<div[39m
            [33mdata-testid[39m=[32m"context-menu-sub-trigger"[39m
          [36m>[39m
            [36m<div[39m
              [33mdata-testid[39m=[32m"type-icon"[39m
            [36m/>[39m
            [0mFormat[0m
          [36m</div>[39m
          [36m<div[39m
            [33mclass[39m=[32m"w-56"[39m
            [33mdata-testid[39m=[32m"context-menu-sub-content"[39m
          [36m>[39m
            [36m<div[39m
              [33mdata-disabled[39m=[32m"true"[39m
              [33mdata-testid[39m=[32m"context-menu-item"[39m
            [36m>[39m
              [36m<div[39m
                [33mdata-testid[39m=[32m"bold-icon"[39m
              [36m/>[39m
              [0mBold[0m
              [36m<span[39m
                [33mdata-testid[39m=[32m"context-menu-shortcut"[39m
              [36m>[39m
                [0m⌘B[0m
              [36m</span>[39m
            [36m</div>[39m
            [36m<div[39m
              [33mdata-disabled[39m=[32m"true"[39m
              [33mdata-testid[39m=[32m"context-menu-item"[39m
            [36m>[39m
              [36m<div[39m
                [33mdata-testid[39m=[32m"italic-icon"[39m
              [36m/>[39m
              [0mItalic[0m
              [36m<span[39m
                [33mdata-testid[39m=[32m"context-menu-shortcut"[39m
              [36m>[39m
                [0m⌘I[0m
              [36m</span>[39m
            [36m</div>[39m
            [36m<div[39m
              [33mdata-disabled[39m=[32m"true"[39m
              [33mdata-testid[39m=[32m"context-menu-item"[39m
            [36m>[39m
              [36m<div[39m
                [33mdata-testid[39m=[32m"strikethrough-icon"[39m
              [36m/>[39m
              [0mStrikethrough[0m
              [36m<span[39m
                [33mdata-testid[39m=[32m"context-menu-shortcut"[39m
              [36m>[39m
                [0m⌘⇧X[0m
              [36m</span>[39m
            [36m</div>[39m
            [36m<div[39m
              [33mdata-disabled[39m=[32m"true"[39m
              [33mdata-testid[39m=[32m"context-menu-item"[39m
            [36m>[39m
              [36m<div[39m
                [33mdata-testid[39m=[32m"code-icon"[39m
              [36m/>[39m
              [0mInline Code[0m
              [36m<span[39m
                [33mdata-testid[39m=[32m"context-menu-shortcut"[39m
              [36m>[39m
                [0m⌘E[0m
              [36m</span>[39m
            [36m</div>[39m
            [36m<div[39m
              [33mdata-testid[39m=[32m"context-menu-separator"[39m
            [36m/>[39m
            [36m<div[39m
              [33mdata-testid[39m=[32m"context-menu-item"[39m
            [36m>[39m
              [36m<div[39m
                [33mdata-testid[39m=[32m"type-icon"[39m
              [36m/>[39m
              [0mClear Formatting[0m
              [36m<span[39m
                [33mdata-testid[39m=[32m"context-menu-shortcut"[39m
              [36m>[39m
                [0m⌘\[0m
              [36m</span>[39m
            [36m</div>[39m
          [36m</div>[39m
        [36m</div>[39m
        [36m<div[39m
          [33mdata-testid[39m=[32m"context-menu-sub"[39m
        [36m>[39m
          [36m<div[39m
            [33mdata-testid[39m=[32m"context-menu-sub-trigger"[39m
          [36m>[39m
            [36m<div[39m
              [33mdata-testid[39m=[32m"sparkles-icon"[39m
            [36m/>[39m
            [0mInsert[0m
          [36m</div>[39m
          [36m<div[39m
            [33mclass[39m=[32m"w-56"[39m
            [33mdata-testid[39m=[32m"context-menu-sub-content"[39m
          [36m>[39m
            [36m<div[39m
              [33mdata-testid[39m=[32m"context-menu-item"[39m
            [36m>[39m
              [36m<div[39m
                [33mdata-testid[39m=[32m"link-icon"[39m
              [36m/>[39m
              [0mLink[0m
              [36m<span[39m
                [33mdata-testid[39m=[32m"context-menu-shortcut"[39m
              [36m>[39m
                [0m⌘K[0m
              [36m</span>[39m
            [36m</div>[39m
            [36m<div[39m
              [33mdata-testid[39m=[32m"context-menu-item"[39m
            [36m>[39m
              [36m<div[39m
                [33mdata-testid[39m=[32m"image-icon"[39m
              [36m/>[39m
              [0mImage[0m
            [36m</div>[39m
            [36m<div[39m
              [33mdata-testid[39m=[32m"context-menu-item"[39m
            [36m>[39m
              [36m<div[39m
                [33mdata-testid[39m=[32m"table-icon"[39m
              [36m/>[39m
              [0mTable[0m
            [36m</div>[39m
            [36m<div[39m
              [33mdata-testid[39m=[32m"context-menu-item"[39m
            [36m>[39m
              [36m<div[39m
                [33mdata-testid[39m=[32m"file-code-icon"[39m
              [36m/>[39m
              [0mCode Block[0m
              [36m<span[39m
                [33mdata-testid[39m=[32m"context-menu-shortcut"[39m
              [36m>[39m
                [0m⌘⇧C[0m
              [36m</span>[39m
            [36m</div>[39m
            [36m<div[39m
              [33mdata-testid[39m=[32m"context-menu-item"[39m
            [36m>[39m
              [36m<div[39m
                [33mdata-testid[39m=[32m"quote-icon"[39m
              [36m/>[39m
              [0mBlockquote[0m
            [36m</div>[39m
            [36m<div[39m
              [33mdata-testid[39m=[32m"context-menu-item"[39m
            [36m>[39m
              [36m<div[39m
                [33mdata-testid[39m=[32m"separator-horizontal-icon"[39m
              [36m/>[39m
              [0mHorizontal Rule[0m
            [36m</div>[39m
          [36m</div>[39m
        [36m</div>[39m
        [36m<div[39m
          [33mdata-testid[39m=[32m"context-menu-separator"[39m
        [36m/>[39m
        [36m<div[39m
          [33mdata-disabled[39m=[32m"true"[39m
          [33mdata-testid[39m=[32m"context-menu-item"[39m
        [36m>[39m
          [36m<div[39m
            [33mdata-testid[39m=[32m"link-icon"[39m
          [36m/>[39m
          [0mCopy block reference[0m
        [36m</div>[39m
        [36m<div[39m
          [33mdata-testid[39m=[32m"context-menu-sub"[39m
        [36m>[39m
          [36m<div[39m
            [33mdata-testid[39m=[32m"context-menu-sub-trigger"[39m
          [36m>[39m
            [36m<div[39m
              [33mdata-testid[39m=[32m"heading-icon"[39m
            [36m/>[39m
            [0mChange to Heading[0m
          [36m</div>[39m
          [36m<div[39m
            [33mclass[39m=[32m"w-56"[39m
            [33mdata-testid[39m=[32m"context-menu-sub-content"[39m
          [36m>[39m
            [36m<div[39m
              [33mdata-testid[39m=[32m"context-menu-item"[39m
            [36m>[39m
              [36m<div[39m
                [33mdata-testid[39m=[32m"heading-icon"[39m
              [36m/>[39m
              [0mHeading 1[0m
              [36m<span[39m
                [33mdata-testid[39m=[32m"context-menu-shortcut"[39m
              [36m>[39m
                [0m⌘⌥1[0m
              [36m</span>[39m
            [36m</div>[39m
            [36m<div[39m
              [33mdata-testid[39m=[32m"context-menu-item"[39m
            [36m>[39m
              [36m<div[39m
                [33mdata-testid[39m=[32m"heading-icon"[39m
              [36m/>[39m
              [0mHeading 2[0m
              [36m<span[39m
                [33mdata-testid[39m=[32m"context-menu-shortcut"[39m
              [36m>[39m
                [0m⌘⌥2[0m
              [36m</span>[39m
            [36m</div>[39m
            [36m<div[39m
              [33mdata-testid[39m=[32m"context-menu-item"[39m
            [36m>[39m
              [36m<div[39m
                [33mdata-testid[39m=[32m"heading-icon"[39m
              [36m/>[39m
              [0mHeading 3[0m
              [36m<span[39m
                [33mdata-testid[39m=[32m"context-menu-shortcut"[39m
              [36m>[39m
                [0m⌘⌥3[0m
              [36m</span>[39m
            [36m</div>[39m
            [36m<div[39m
              [33mdata-testid[39m=[32m"context-menu-item"[39m
            [36m>[39m
              [36m<div[39m
                [33mdata-testid[39m=[32m"heading-icon"[39m
              [36m/>[39m
              [0mHeading 4[0m
            [36m</div>[39m
            [36m<div[39m
              [33mdata-testid[39m=[32m"context-menu-item"[39m
            [36m>[39m
              [36m<div[39m
                [33mdata-testid[39m=[32m"heading-icon"[39m
              [36m/>[39m
              [0mHeading 5[0m
            [36m</div>[39m
            [36m<div[39m
              [33mdata-testid[39m=[32m"context-menu-item"[39m
            [36m>[39m
              [36m<div[39m
                [33mdata-testid[39m=[32m"heading-icon"[39m
              [36m/>[39m
              [0mHeading 6[0m
            [36m</div>[39m
            [36m<div[39m
              [33mdata-testid[39m=[32m"context-menu-separator"[39m
            [36m/>[39m
            [36m<div[39m
              [33mdata-testid[39m=[32m"context-menu-item"[39m
            [36m>[39m
              [36m<div[39m
                [33mdata-testid[39m=[32m"type-icon"[39m
              [36m/>[39m
              [0mNormal Text[0m
              [36m<span[39m
                [33mdata-testid[39m=[32m"context-menu-shortcut"[39m
              [36m>[39m
                [0m⌘⌥0[0m
              [36m</span>[39m
            [36m</div>[39m
          [36m</div>[39m
        [36m</div>[39m
        [36m<div[39m
          [33mdata-testid[39m=[32m"context-menu-sub"[39m
        [36m>[39m
          [36m<div[39m
            [33mdata-testid[39m=[32m"context-menu-sub-trigger"[39m
          [36m>[39m
            [36m<div[39m
              [33mdata-testid[39m=[32m"list-icon"[39m
            [36m/>[39m
            [0mLists[0m
          [36m</div>[39m
          [36m<div[39m
            [33mclass[39m=[32m"w-56"[39m
            [33mdata-testid[39m=[32m"context-menu-sub-content"[39m
          [36m>[39m
            [36m<div[39m
              [33mdata-testid[39m=[32m"context-menu-item"[39m
            [36m>[39m
              [36m<div[39m
                [33mdata-testid[39m=[32m"list-icon"[39m
              [36m/>[39m
              [0mBullet List[0m
              [36m<span[39m
                [33mdata-testid[39m=[32m"context-menu-shortcut"[39m
              [36m>[39m
                [0m⌘⇧8[0m
              [36m</span>[39m
            [36m</div>[39m
            [36m<div[39m
              [33mdata-testid[39m=[32m"context-menu-item"[39m
            [36m>[39m
              [36m<div[39m
                [33mdata-testid[39m=[32m"list-ordered-icon"[39m
              [36m/>[39m
              [0mNumbered List[0m
              [36m<span[39m
                [33mdata-testid[39m=[32m"context-menu-shortcut"[39m
              [36m>[39m
                [0m⌘⇧7[0m
              [36m</span>[39m
            [36m</div>[39m
            [36m<div[39m
              [33mdata-testid[39m=[32m"context-menu-item"[39m
            [36m>[39m
              [36m<div[39m
                [33mdata-testid[39m=[32m"check-square-icon"[39m
              [36m/>[39m
              [0mTask List[0m
              [36m<span[39m
                [33mdata-testid[39m=[32m"context-menu-shortcut"[39m
              [36m>[39m
                [0m⌘⇧9[0m
              [36m</span>[39m
            [36m</div>[39m
          [36m</div>[39m
        [36m</div>[39m
        [36m<div[39m
          [33mdata-testid[39m=[32m"context-menu-separator"[39m
        [36m/>[39m
        [36m<div[39m
          [33mdata-testid[39m=[32m"context-menu-item"[39m
        [36m>[39m
          [36m<div[39m
            [33mdata-testid[39m=[32m"mouse-pointer-icon"[39m
          [36m/>[39m
          [0mSelect All[0m
          [36m<span[39m
            [33mdata-testid[39m=[32m"context-menu-shortcut"[39m
          [36m>[39m
            [0m⌘A[0m
          [36m</span>[39m
        [36m</div>[39m
        [36m<div[39m
          [33mdata-testid[39m=[32m"context-menu-separator"[39m
        [36m/>[39m
        [36m<div[39m
          [33mdata-disabled[39m=[32m"true"[39m
          [33mdata-testid[39m=[32m"context-menu-item"[39m
        [36m>[39m
          [36m<div[39m
            [33mdata-testid[39m=[32m"rotate-ccw-icon"[39m
          [36m/>[39m
          [0mUndo[0m
          [36m<span[39m
            [33mdata-testid[39m=[32m"context-menu-shortcut"[39m
          [36m>[39m
            [0m⌘Z[0m
          [36m</span>[39m
        [36m</div>[39m
        [36m<div[39m
          [33mdata-disabled[39m=[32m"true"[39m
          [33mdata-testid[39m=[32m"context-menu-item"[39m
        [36m>[39m
          [36m<div[39m
            [33mdata-testid[39m=[32m"rotate-cw-icon"[39m
          [36m/>[39m
          [0mRedo[0m
          [36m<span[39m
            [33mdata-testid[39m=[32m"context-menu-shortcut"[39m
          [36m>[39m
            [0m⌘⇧Z[0m
          [36m</span>[39m
        [36m</div>[39m
        [36m<div[39m
          [33mdata-testid[39m=[32m"context-menu-separator"[39m
        [36m/>[39m
        [36m<div[39m
          [33mdata-testid[39m=[32m"context-menu-item"[39m
        [36m>[39m
          [36m<div[39m
            [33mdata-testid[39m=[32m"search-icon"[39m
          [36m/>[39m
          [0mFind[0m
          [36m<span[39m
            [33mdata-testid[39m=[32m"context-menu-shortcut"[39m
          [36m>[39m
            [0m⌘F[0m
          [36m</span>[39m
        [36m</div>[39m
        [36m<div[39m
          [33mdata-testid[39m=[32m"context-menu-item"[39m
        [36m>[39m
          [36m<div[39m
            [33mdata-testid[39m=[32m"search-x-icon"[39m
          [36m/>[39m
          [0mReplace[0m
          [36m<span[39m
            [33mdata-testid[39m=[32m"context-menu-shortcut"[39m
          [36m>[39m
            [0m⌘⌥F[0m
          [36m</span>[39m
        [36m</div>[39m
        [36m<div[39m
          [33mdata-testid[39m=[32m"context-menu-separator"[39m
        [36m/>[39m
        [36m<div[39m
          [33mdata-testid[39m=[32m"context-menu-item"[39m
        [36m>[39m
          [36m<div[39m
            [33mdata-testid[39m=[32m"zap-icon"[39m
          [36m/>[39m
          [0mCommand Palette[0m
          [36m<span[39m
            [33mdata-testid[39m=[32m"context-menu-shortcut"[39m
          [36m>[39m
            [0m⌘⇧P[0m
          [36m</span>[39m
        [36m</div>[39m
        [36m<div[39m
          [33mdata-testid[39m=[32m"context-menu-separator"[39m
        [36m/>[39m
        [36m<div[39m
          [33mdata-testid[39m=[32m"context-menu-sub"[39m
        [36m>[39m
          [36m<div[39m
            [33mdata-testid[39m=[32m"context-menu-sub-trigger"[39m
          [36m>[39m
            [36m<div[39m
              [33mdata-testid[39m=[32m"download-icon"[39m
            [36m/>[39m
            [0mExport[0m
          [36m</div>[39m
          [36m<div[39m
            [33mclass[39m=[32m"w-56"[39m
            [33mdata-testid[39m=[32m"context-menu-sub-content"[39m
          [36m>[39m
            [36m<div[39m
              [33mdata-testid[39m=[32m"context-menu-item"[39m
            [36m>[39m
              [36m<div[39m
                [33mdata-testid[39m=[32m"file-text-icon"[39m
              [36m/>[39m
              [0mExport as Markdown[0m
            [36m</div>[39m
            [36m<div[39m
              [33mdata-testid[39m=[32m"context-menu-item"[39m
            [36m>[39m
              [36m<div[39m
                [33mdata-testid[39m=[32m"file-code-icon"[39m
              [36m/>[39m
              [0mExport as HTML[0m
            [36m</div>[39m
            [36m<div[39m
              [33mdata-testid[39m=[32m"context-menu-item"[39m
            [36m>[39m
              [36m<div[39m
                [33mdata-testid[39m=[32m"file-text-icon"[39m
              [36m/>[39m
              [0mExport as PDF[0m
            [36m</div>[39m
          [36m</div>[39m
        [36m</div>[39m
        [36m<div[39m
          [33mdata-testid[39m=[32m"context-menu-item"[39m
        [36m>[39m
          [36m<div[39m
            [33mdata-testid[39m=[32m"upload-icon"[39m
          [36m/>[39m
          [0mImport File...[0m
        [36m</div>[39m
      [36m</div>[39m
    [36m</div>[39m
  [36m</div>[39m
[36m</body>[39m

⎯⎯⎯⎯⎯⎯⎯ Failed Tests 1 ⎯⎯⎯⎯⎯⎯⎯

 FAIL  src/components/EditorContextMenu.test.jsx > EditorContextMenu > should handle commands submenu actions
TestingLibraryElementError: Unable to find an element with the text: Commands. This could be because the text is broken up by multiple elements. In this case, you can provide a function for your text matcher to make your matcher more flexible.

Ignored nodes: comments, script, style
[36m<body>[39m
  [36m<div>[39m
    [36m<div[39m
      [33mdata-testid[39m=[32m"context-menu"[39m
    [36m>[39m
      [36m<div[39m
        [33mdata-testid[39m=[32m"context-menu-trigger"[39m
      [36m>[39m
        [0mEditor Content[0m
      [36m</div>[39m
      [36m<div[39m
        [33mclass[39m=[32m"w-72"[39m
        [33mdata-testid[39m=[32m"context-menu-content"[39m
      [36m>[39m
        [36m<div[39m
          [33mdata-disabled[39m=[32m"true"[39m
          [33mdata-testid[39m=[32m"context-menu-item"[39m
        [36m>[39m
          [36m<div[39m
            [33mdata-testid[39m=[32m"scissors-icon"[39m
          [36m/>[39m
          [0mCut[0m
          [36m<span[39m
            [33mdata-testid[39m=[32m"context-menu-shortcut"[39m
          [36m>[39m
            [0m⌘X[0m
          [36m</span>[39m
        [36m</div>[39m
        [36m<div[39m
          [33mdata-disabled[39m=[32m"true"[39m
          [33mdata-testid[39m=[32m"context-menu-item"[39m
        [36m>[39m
          [36m<div[39m
            [33mdata-testid[39m=[32m"copy-icon"[39m
          [36m/>[39m
          [0mCopy[0m
          [36m<span[39m
            [33mdata-testid[39m=[32m"context-menu-shortcut"[39m
          [36m>[39m
            [0m⌘C[0m
          [36m</span>[39m
        [36m</div>[39m
        [36m<div[39m
          [33mdata-testid[39m=[32m"context-menu-item"[39m
        [36m>[39m
          [36m<div[39m
            [33mdata-testid[39m=[32m"clipboard-icon"[39m
          [36m/>[39m
          [0mPaste[0m
          [36m<span[39m
            [33mdata-testid[39m=[32m"context-menu-shortcut"[39m
          [36m>[39m
            [0m⌘V[0m
          [36m</span>[39m
        [36m</div>[39m
        [36m<div[39m
          [33mdata-testid[39m=[32m"context-menu-separator"[39m
        [36m/>[39m
        [36m<div[39m
          [33mdata-testid[39m=[32m"context-menu-sub"[39m
        [36m>[39m
          [36m<div[39m
            [33mdata-testid[39m=[32m"context-menu-sub-trigger"[39m
          [36m>[39m
            [36m<div[39m
              [33mdata-testid[39m=[32m"type-icon"[39m
            [36m/>[39m
            [0mFormat[0m
          [36m</div>[39m
          [36m<div[39m
            [33mclass[39m=[32m"w-56"[39m
            [33mdata-testid[39m=[32m"context-menu-sub-content"[39m
          [36m>[39m
            [36m<div[39m
              [33mdata-disabled[39m=[32m"true"[39m
              [33mdata-testid[39m=[32m"context-menu-item"[39m
            [36m>[39m
              [36m<div[39m
                [33mdata-testid[39m=[32m"bold-icon"[39m
              [36m/>[39m
              [0mBold[0m
              [36m<span[39m
                [33mdata-testid[39m=[32m"context-menu-shortcut"[39m
              [36m>[39m
                [0m⌘B[0m
              [36m</span>[39m
            [36m</div>[39m
            [36m<div[39m
              [33mdata-disabled[39m=[32m"true"[39m
              [33mdata-testid[39m=[32m"context-menu-item"[39m
            [36m>[39m
              [36m<div[39m
                [33mdata-testid[39m=[32m"italic-icon"[39m
              [36m/>[39m
              [0mItalic[0m
              [36m<span[39m
                [33mdata-testid[39m=[32m"context-menu-shortcut"[39m
              [36m>[39m
                [0m⌘I[0m
              [36m</span>[39m
            [36m</div>[39m
            [36m<div[39m
              [33mdata-disabled[39m=[32m"true"[39m
              [33mdata-testid[39m=[32m"context-menu-item"[39m
            [36m>[39m
              [36m<div[39m
                [33mdata-testid[39m=[32m"strikethrough-icon"[39m
              [36m/>[39m
              [0mStrikethrough[0m
              [36m<span[39m
                [33mdata-testid[39m=[32m"context-menu-shortcut"[39m
              [36m>[39m
                [0m⌘⇧X[0m
              [36m</span>[39m
            [36m</div>[39m
            [36m<div[39m
              [33mdata-disabled[39m=[32m"true"[39m
              [33mdata-testid[39m=[32m"context-menu-item"[39m
            [36m>[39m
              [36m<div[39m
                [33mdata-testid[39m=[32m"code-icon"[39m
              [36m/>[39m
              [0mInline Code[0m
              [36m<span[39m
                [33mdata-testid[39m=[32m"context-menu-shortcut"[39m
              [36m>[39m
                [0m⌘E[0m
              [36m</span>[39m
            [36m</div>[39m
            [36m<div[39m
              [33mdata-testid[39m=[32m"context-menu-separator"[39m
            [36m/>[39m
            [36m<div[39m
              [33mdata-testid[39m=[32m"context-menu-item"[39m
            [36m>[39m
              [36m<div[39m
                [33mdata-testid[39m=[32m"type-icon"[39m
              [36m/>[39m
              [0mClear Formatting[0m
              [36m<span[39m
                [33mdata-testid[39m=[32m"context-menu-shortcut"[39m
              [36m>[39m
                [0m⌘\[0m
              [36m</span>[39m
            [36m</div>[39m
          [36m</div>[39m
        [36m</div>[39m
        [36m<div[39m
          [33mdata-testid[39m=[32m"context-menu-sub"[39m
        [36m>[39m
          [36m<div[39m
            [33mdata-testid[39m=[32m"context-menu-sub-trigger"[39m
          [36m>[39m
            [36m<div[39m
              [33mdata-testid[39m=[32m"sparkles-icon"[39m
            [36m/>[39m
            [0mInsert[0m
          [36m</div>[39m
          [36m<div[39m
            [33mclass[39m=[32m"w-56"[39m
            [33mdata-testid[39m=[32m"context-menu-sub-content"[39m
          [36m>[39m
            [36m<div[39m
              [33mdata-testid[39m=[32m"context-menu-item"[39m
            [36m>[39m
              [36m<div[39m
                [33mdata-testid[39m=[32m"link-icon"[39m
              [36m/>[39m
              [0mLink[0m
              [36m<span[39m
                [33mdata-testid[39m=[32m"context-menu-shortcut"[39m
              [36m>[39m
                [0m⌘K[0m
              [36m</span>[39m
            [36m</div>[39m
            [36m<div[39m
              [33mdata-testid[39m=[32m"context-menu-item"[39m
            [36m>[39m
              [36m<div[39m
                [33mdata-testid[39m=[32m"image-icon"[39m
              [36m/>[39m
              [0mImage[0m
            [36m</div>[39m
            [36m<div[39m
              [33mdata-testid[39m=[32m"context-menu-item"[39m
            [36m>[39m
              [36m<div[39m
                [33mdata-testid[39m=[32m"table-icon"[39m
              [36m/>[39m
              [0mTable[0m
            [36m</div>[39m
            [36m<div[39m
              [33mdata-testid[39m=[32m"context-menu-item"[39m
            [36m>[39m
              [36m<div[39m
                [33mdata-testid[39m=[32m"file-code-icon"[39m
              [36m/>[39m
              [0mCode Block[0m
              [36m<span[39m
                [33mdata-testid[39m=[32m"context-menu-shortcut"[39m
              [36m>[39m
                [0m⌘⇧C[0m
              [36m</span>[39m
            [36m</div>[39m
            [36m<div[39m
              [33mdata-testid[39m=[32m"context-menu-item"[39m
            [36m>[39m
              [36m<div[39m
                [33mdata-testid[39m=[32m"quote-icon"[39m
              [36m/>[39m
              [0mBlockquote[0m
            [36m</div>[39m
            [36m<div[39m
              [33mdata-testid[39m=[32m"context-menu-item"[39m
            [36m>[39m
              [36m<div[39m
                [33mdata-testid[39m=[32m"separator-horizontal-icon"[39m
              [36m/>[39m
              [0mHorizontal Rule[0m
            [36m</div>[39m
          [36m</div>[39m
        [36m</div>[39m
        [36m<div[39m
          [33mdata-testid[39m=[32m"context-menu-separator"[39m
        [36m/>[39m
        [36m<div[39m
          [33mdata-disabled[39m=[32m"true"[39m
          [33mdata-testid[39m=[32m"context-menu-item"[39m
        [36m>[39m
          [36m<div[39m
            [33mdata-testid[39m=[32m"link-icon"[39m
          [36m/>[39m
          [0mCopy block reference[0m
        [36m</div>[39m
        [36m<div[39m
          [33mdata-testid[39m=[32m"context-menu-sub"[39m
        [36m>[39m
          [36m<div[39m
            [33mdata-testid[39m=[32m"context-menu-sub-trigger"[39m
          [36m>[39m
            [36m<div[39m
              [33mdata-testid[39m=[32m"heading-icon"[39m
            [36m/>[39m
            [0mChange to Heading[0m
          [36m</div>[39m
          [36m<div[39m
            [33mclass[39m=[32m"w-56"[39m
            [33mdata-testid[39m=[32m"context-menu-sub-content"[39m
          [36m>[39m
            [36m<div[39m
              [33mdata-testid[39m=[32m"context-menu-item"[39m
            [36m>[39m
              [36m<div[39m
                [33mdata-testid[39m=[32m"heading-icon"[39m
              [36m/>[39m
              [0mHeading 1[0m
              [36m<span[39m
                [33mdata-testid[39m=[32m"context-menu-shortcut"[39m
              [36m>[39m
                [0m⌘⌥1[0m
              [36m</span>[39m
            [36m</div>[39m
            [36m<div[39m
              [33mdata-testid[39m=[32m"context-menu-item"[39m
            [36m>[39m
              [36m<div[39m
                [33mdata-testid[39m=[32m"heading-icon"[39m
              [36m/>[39m
              [0mHeading 2[0m
              [36m<span[39m
                [33mdata-testid[39m=[32m"context-menu-shortcut"[39m
              [36m>[39m
                [0m⌘⌥2[0m
              [36m</span>[39m
            [36m</div>[39m
            [36m<div[39m
              [33mdata-testid[39m=[32m"context-menu-item"[39m
            [36m>[39m
              [36m<div[39m
                [33mdata-testid[39m=[32m"heading-icon"[39m
              [36m/>[39m
              [0mHeading 3[0m
              [36m<span[39m
                [33mdata-testid[39m=[32m"context-menu-shortcut"[39m
              [36m>[39m
                [0m⌘⌥3[0m
              [36m</span>[39m
            [36m</div>[39m
            [36m<div[39m
              [33mdata-testid[39m=[32m"context-menu-item"[39m
            [36m>[39m
              [36m<div[39m
                [33mdata-testid[39m=[32m"heading-icon"[39m
              [36m/>[39m
              [0mHeading 4[0m
            [36m</div>[39m
            [36m<div[39m
              [33mdata-testid[39m=[32m"context-menu-item"[39m
            [36m>[39m
              [36m<div[39m
                [33mdata-testid[39m=[32m"heading-icon"[39m
              [36m/>[39m
              [0mHeading 5[0m
            [36m</div>[39m
            [36m<div[39m
              [33mdata-testid[39m=[32m"context-menu-item"[39m
            [36m>[39m
              [36m<div[39m
                [33mdata-testid[39m=[32m"heading-icon"[39m
              [36m/>[39m
              [0mHeading 6[0m
            [36m</div>[39m
            [36m<div[39m
              [33mdata-testid[39m=[32m"context-menu-separator"[39m
            [36m/>[39m
            [36m<div[39m
              [33mdata-testid[39m=[32m"context-menu-item"[39m
            [36m>[39m
              [36m<div[39m
                [33mdata-testid[39m=[32m"type-icon"[39m
              [36m/>[39m
              [0mNormal Text[0m
              [36m<span[39m
                [33mdata-testid[39m=[32m"context-menu-shortcut"[39m
              [36m>[39m
                [0m⌘⌥0[0m
              [36m</span>[39m
            [36m</div>[39m
          [36m</div>[39m
        [36m</div>[39m
        [36m<div[39m
          [33mdata-testid[39m=[32m"context-menu-sub"[39m
        [36m>[39m
          [36m<div[39m
            [33mdata-testid[39m=[32m"context-menu-sub-trigger"[39m
          [36m>[39m
            [36m<div[39m
              [33mdata-testid[39m=[32m"list-icon"[39m
            [36m/>[39m
            [0mLists[0m
          [36m</div>[39m
          [36m<div[39m
            [33mclass[39m=[32m"w-56"[39m
            [33mdata-testid[39m=[32m"context-menu-sub-content"[39m
          [36m>[39m
            [36m<div[39m
              [33mdata-testid[39m=[32m"context-menu-item"[39m
            [36m>[39m
              [36m<div[39m
                [33mdata-testid[39m=[32m"list-icon"[39m
              [36m/>[39m
              [0mBullet List[0m
              [36m<span[39m
                [33mdata-testid[39m=[32m"context-menu-shortcut"[39m
              [36m>[39m
                [0m⌘⇧8[0m
              [36m</span>[39m
            [36m</div>[39m
            [36m<div[39m
              [33mdata-testid[39m=[32m"context-menu-item"[39m
            [36m>[39m
              [36m<div[39m
                [33mdata-testid[39m=[32m"list-ordered-icon"[39m
              [36m/>[39m
              [0mNumbered List[0m
              [36m<span[39m
                [33mdata-testid[39m=[32m"context-menu-shortcut"[39m
              [36m>[39m
                [0m⌘⇧7[0m
              [36m</span>[39m
            [36m</div>[39m
            [36m<div[39m
              [33mdata-testid[39m=[32m"context-menu-item"[39m
            [36m>[39m
              [36m<div[39m
                [33mdata-testid[39m=[32m"check-square-icon"[39m
              [36m/>[39m
              [0mTask List[0m
              [36m<span[39m
                [33mdata-testid[39m=[32m"context-menu-shortcut"[39m
              [36m>[39m
                [0m⌘⇧9[0m
              [36m</span>[39m
            [36m</div>[39m
          [36m</div>[39m
        [36m</div>[39m
        [36m<div[39m
          [33mdata-testid[39m=[32m"context-menu-separator"[39m
        [36m/>[39m
        [36m<div[39m
          [33mdata-testid[39m=[32m"context-menu-item"[39m
        [36m>[39m
          [36m<div[39m
            [33mdata-testid[39m=[32m"mouse-pointer-icon"[39m
          [36m/>[39m
          [0mSelect All[0m
          [36m<span[39m
            [33mdata-testid[39m=[32m"context-menu-shortcut"[39m
          [36m>[39m
            [0m⌘A[0m
          [36m</span>[39m
        [36m</div>[39m
        [36m<div[39m
          [33mdata-testid[39m=[32m"context-menu-separator"[39m
        [36m/>[39m
        [36m<div[39m
          [33mdata-disabled[39m=[32m"true"[39m
          [33mdata-testid[39m=[32m"context-menu-item"[39m
        [36m>[39m
          [36m<div[39m
            [33mdata-testid[39m=[32m"rotate-ccw-icon"[39m
          [36m/>[39m
          [0mUndo[0m
          [36m<span[39m
            [33mdata-testid[39m=[32m"context-menu-shortcut"[39m
          [36m>[39m
            [0m⌘Z[0m
          [36m</span>[39m
        [36m</div>[39m
        [36m<div[39m
          [33mdata-disabled[39m=[32m"true"[39m
          [33mdata-testid[39m=[32m"context-menu-item"[39m
        [36m>[39m
          [36m<div[39m
            [33mdata-testid[39m=[32m"rotate-cw-icon"[39m
          [36m/>[39m
          [0mRedo[0m
          [36m<span[39m
            [33mdata-testid[39m=[32m"context-menu-shortcut"[39m
          [36m>[39m
            [0m⌘⇧Z[0m
          [36m</span>[39m
        [36m</div>[39m
        [36m<div[39m
          [33mdata-testid[39m=[32m"context-menu-separator"[39m
        [36m/>[39m
        [36m<div[39m
          [33mdata-testid[39m=[32m"context-menu-item"[39m
        [36m>[39m
          [36m<div[39m
            [33mdata-testid[39m=[32m"search-icon"[39m
          [36m/>[39m
          [0mFind[0m
          [36m<span[39m
            [33mdata-testid[39m=[32m"context-menu-shortcut"[39m
          [36m>[39m
            [0m⌘F[0m
          [36m</span>[39m
        [36m</div>[39m
        [36m<div[39m
          [33mdata-testid[39m=[32m"context-menu-item"[39m
        [36m>[39m
          [36m<div[39m
            [33mdata-testid[39m=[32m"search-x-icon"[39m
          [36m/>[39m
          [0mReplace[0m
          [36m<span[39m
            [33mdata-testid[39m=[32m"context-menu-shortcut"[39m
          [36m>[39m
            [0m⌘⌥F[0m
          [36m</span>[39m
        [36m</div>[39m
        [36m<div[39m
          [33mdata-testid[39m=[32m"context-menu-separator"[39m
        [36m/>[39m
        [36m<div[39m
          [33mdata-testid[39m=[32m"context-menu-item"[39m
        [36m>[39m
          [36m<div[39m
            [33mdata-testid[39m=[32m"zap-icon"[39m
          [36m/>[39m
          [0mCommand Palette[0m
          [36m<span[39m
            [33mdata-testid[39m=[32m"context-menu-shortcut"[39m
          [36m>[39m
            [0m⌘⇧P[0m
          [36m</span>[39m
        [36m</div>[39m
        [36m<div[39m
          [33mdata-testid[39m=[32m"context-menu-separator"[39m
        [36m/>[39m
        [36m<div[39m
          [33mdata-testid[39m=[32m"context-menu-sub"[39m
        [36m>[39m
          [36m<div[39m
            [33mdata-testid[39m=[32m"context-menu-sub-trigger"[39m
          [36m>[39m
            [36m<div[39m
              [33mdata-testid[39m=[32m"download-icon"[39m
            [36m/>[39m
            [0mExport[0m
          [36m</div>[39m
          [36m<div[39m
            [33mclass[39m=[32m"w-56"[39m
            [33mdata-testid[39m=[32m"context-menu-sub-content"[39m
          [36m>[39m
            [36m<div[39m
              [33mdata-testid[39m=[32m"context-menu-item"[39m
            [36m>[39m
              [36m<div[39m
                [33mdata-testid[39m=[32m"file-text-icon"[39m
              [36m/>[39m
              [0mExport as Markdown[0m
            [36m</div>[39m
            [36m<div[39m
              [33mdata-testid[39m=[32m"context-menu-item"[39m
            [36m>[39m
              [36m<div[39m
                [33mdata-testid[39m=[32m"file-code-icon"[39m
              [36m/>[39m
              [0mExport as HTML[0m
            [36m</div>[39m
            [36m<div[39m
              [33mdata-testid[39m=[32m"context-menu-item"[39m
            [36m>[39m
              [36m<div[39m
                [33mdata-testid[39m=[32m"file-text-icon"[39m
              [36m/>[39m
              [0mExport as PDF[0m
            [36m</div>[39m
          [36m</div>[39m
        [36m</div>[39m
        [36m<div[39m
          [33mdata-testid[39m=[32m"context-menu-item"[39m
        [36m>[39m
          [36m<div[39m
            [33mdata-testid[39m=[32m"upload-icon"[39m
          [36m/>[39m
          [0mImport File...[0m
        [36m</div>[39m
      [36m</div>[39m
    [36m</div>[39m
  [36m</div>[39m
[36m</body>[39m
 ❯ Object.getElementError node_modules/@testing-library/dom/dist/config.js:37:19
 ❯ node_modules/@testing-library/dom/dist/query-helpers.js:76:38
 ❯ node_modules/@testing-library/dom/dist/query-helpers.js:52:17
 ❯ node_modules/@testing-library/dom/dist/query-helpers.js:95:19
 ❯ src/components/EditorContextMenu.test.jsx:318:26
    316| 
    317|     // Hover over Commands to open submenu
    318|     const commandsMenu = getByText('Commands')
       |                          ^
    319|     fireEvent.mouseEnter(commandsMenu)
    320| 

⎯⎯⎯⎯⎯⎯⎯⎯⎯⎯⎯⎯⎯⎯⎯⎯⎯⎯⎯⎯⎯⎯⎯⎯[1/1]⎯


 Test Files  1 failed (1)
      Tests  1 failed | 12 passed (13)
   Start at  21:39:00
   Duration  2.40s (transform 246ms, setup 199ms, collect 304ms, tests 560ms, environment 685ms, prepare 64ms)

